[login.telecom.pt/adfs/ls/index519b.html]
[backblue.gif]
[fade.gif]
[index.html]
[login.telecom.pt/adfs/ls/favicon.ico]
[login.telecom.pt/adfs/ls/Scripts/WebResourceFixf0cf.js]
[login.telecom.pt/adfs/ls/Styles/bootstrap.minf0cf.css]
[login.telecom.pt/adfs/ls/Scripts/Commonf0cf.js]
[login.telecom.pt/adfs/ls/Scripts/utilf0cf.js]
[login.telecom.pt/adfs/ls/Styles/cookiesf0cf.css]
[login.telecom.pt/adfs/ls/Styles/basef0cf.css]
[login.telecom.pt/adfs/ls/Styles/pagesf0cf.css]
[login.telecom.pt/adfs/ls/WebResource1448.js]
[login.telecom.pt/adfs/ls/WebResource2787.js]
[login.telecom.pt/adfs/ls/images/fechadura_login5834.png]
[login.telecom.pt/adfs/ls/Scripts/AspnetOverridef0cf.js]
[login.telecom.pt/adfs/ls/images/logo_ID.png]
[login.telecom.pt/adfs/ls/images/logo_altice_black_50px.png]
[login.telecom.pt/adfs/ls/index519b.html]
[login.telecom.pt/adfs/ls/index8fb5.html]
[login.telecom.pt/adfs/ls/indexfd00.html]
[login.telecom.pt/adfs/ls/POST.f.delayed]
[login.telecom.pt/adfs/ls/Scripts/WebResourceFixf0cf.js]
[login.telecom.pt/adfs/ls/fonts/glyphicons-halflings-regular.eot]
[login.telecom.pt/adfs/ls/fonts/glyphicons-halflings-regulard41d.eot]
[login.telecom.pt/adfs/ls/fonts/glyphicons-halflings-regular.woff]
[login.telecom.pt/adfs/ls/fonts/glyphicons-halflings-regular.ttf]
[login.telecom.pt/adfs/ls/fonts/glyphicons-halflings-regular.svg]
[login.telecom.pt/adfs/ls/Styles/bootstrap.minf0cf.css]
[login.telecom.pt/adfs/ls/Scripts/Commonf0cf.js]
[login.telecom.pt/adfs/ls/Scripts/utilf0cf.js]
[login.telecom.pt/adfs/ls/images/close_dark.png]
[login.telecom.pt/adfs/ls/Styles/cookiesf0cf.css]
[login.telecom.pt/adfs/ls/fonts/meotext-light.eot]
[login.telecom.pt/adfs/ls/fonts/meotext-lightd41d.eot]
[login.telecom.pt/adfs/ls/fonts/meotext-light.woff2]
[login.telecom.pt/adfs/ls/fonts/meotext-light.woff]
[login.telecom.pt/adfs/ls/fonts/meotext-light.ttf]
[login.telecom.pt/adfs/ls/fonts/meotext-light.svg]
[login.telecom.pt/adfs/ls/fonts/meotext-regular.eot]
[login.telecom.pt/adfs/ls/fonts/meotext-regulard41d.eot]
[login.telecom.pt/adfs/ls/fonts/meotext-regular.woff2]
[login.telecom.pt/adfs/ls/fonts/meotext-regular.woff]
[login.telecom.pt/adfs/ls/fonts/meotext-regular.ttf]
[login.telecom.pt/adfs/ls/fonts/meotext-regular.svg]
[login.telecom.pt/adfs/ls/fonts/meotext-bold.eot]
[login.telecom.pt/adfs/ls/fonts/meotext-boldd41d.eot]
[login.telecom.pt/adfs/ls/fonts/meotext-bold.woff2]
[login.telecom.pt/adfs/ls/fonts/meotext-bold.woff]
[login.telecom.pt/adfs/ls/fonts/meotext-bold.ttf]
[login.telecom.pt/adfs/ls/fonts/meotext-bold.svg]
[login.telecom.pt/adfs/ls/fonts/altice_regular.eot]
[login.telecom.pt/adfs/ls/fonts/altice_regulard41d.eot]
[login.telecom.pt/adfs/ls/fonts/altice_regular.woff]
[login.telecom.pt/adfs/ls/fonts/altice_regular.ttf]
[login.telecom.pt/adfs/ls/fonts/altice_regular.svg]
[login.telecom.pt/adfs/ls/images/logo_meo.png]
[login.telecom.pt/adfs/ls/images/logo_ptfundacao.png]
[login.telecom.pt/adfs/ls/images/logo_meowifi.png]
[login.telecom.pt/adfs/ls/images/logo_meomusic.png]
[login.telecom.pt/adfs/ls/images/logo_meogo.png]
[login.telecom.pt/adfs/ls/images/logo_meocloud.png]
[login.telecom.pt/adfs/ls/images/logo_ptempresas.png]
[login.telecom.pt/adfs/ls/images/MEO-Kanal.png]
[login.telecom.pt/adfs/ls/images/MEO-Promospot.png]
[login.telecom.pt/adfs/ls/images/logo_moche.png]
[login.telecom.pt/adfs/ls/images/logo_meosafe.png]
[login.telecom.pt/adfs/ls/images/sheet.png]
[login.telecom.pt/adfs/ls/images/logo_meo_white_small.png]
[login.telecom.pt/adfs/ls/Styles/basef0cf.css]
[login.telecom.pt/adfs/ls/images/arrow_select.png]
[login.telecom.pt/adfs/ls/images/ics-servicos.png]
[login.telecom.pt/adfs/ls/images/ics-redes-sociais.png]
[login.telecom.pt/adfs/ls/images/ics-registo-unico.png]
[login.telecom.pt/adfs/ls/images/ics-redes-sociais-big.png]
[login.telecom.pt/adfs/ls/images/ics.png]
[login.telecom.pt/adfs/ls/Styles/pagesf0cf.css]
[login.telecom.pt/adfs/ls/WebResource1448.js]
[login.telecom.pt/adfs/ls/WebResource2787.js]
[login.telecom.pt/adfs/ls/Scripts/AspnetOverridef0cf.js]
[login.telecom.pt/adfs/ls/WebResource9b33.js]
[login.telecom.pt/adfs/ls/index8fb5.html]
[login.telecom.pt/adfs/ls/indexfd00.html]
[www.googletagmanager.com/gtm5445.html]
[login.telecom.pt/adfs/ls/POST.html]
[login.telecom.pt/adfs/ls/fonts/glyphicons-halflings-regular.html]
[login.telecom.pt/adfs/ls/fonts/meotext-light.html]
[login.telecom.pt/adfs/ls/fonts/meotext-regular.html]
[login.telecom.pt/adfs/ls/fonts/meotext-bold.html]
[login.telecom.pt/adfs/ls/fonts/altice_regular.html]
[login.telecom.pt/adfs/ls/images/logo_meo_white_small.html]
[login.telecom.pt/adfs/ls/images/ics-redes-sociais-big.html]
[login.telecom.pt/adfs/ls/WebResource9b33.js]
[login.telecom.pt/adfs/ls/WebResource2ec4.js]
[login.telecom.pt/adfs/ls/WebResource2ec4.js]
